[22Juli2026 19:41:56.788] [main/INFO] [net.neoforged.fml.startup.Entrypoint/]: JVM Uptime at startup: 71ms
[22Juli2026 19:41:56.797] [main/INFO] [net.neoforged.fml.loading.FMLLoader/]: Starting FancyModLoader version 11.0.13 (CLIENT in DEV)
[22Juli2026 19:41:56.797] [main/INFO] [net.neoforged.fml.loading.FMLLoader/]: Game directory: D:\Minecraft Mods\Multiloader-Template\common\runs\data
[22Juli2026 19:41:56.827] [main/INFO] [net.neoforged.fml.loading.EarlyServiceDiscovery/]: Found 2 early service jars (out of 107) in 16ms
[22Juli2026 19:41:56.827] [main/INFO] [net.neoforged.fml.loading.FMLLoader/]: Loading FML Early Services:
[22Juli2026 19:41:56.827] [main/INFO] [net.neoforged.fml.loading.FMLLoader/]:  - D:/.gradle/caches/modules-2/files-2.1/net.neoforged.fancymodloader/loader/11.0.13/c9c89eaf35535990110088224d188748d81eaecf/loader-11.0.13.jar
[22Juli2026 19:41:56.829] [main/INFO] [net.neoforged.fml.loading.FMLLoader/]:  - D:/.gradle/caches/modules-2/files-2.1/net.neoforged.fancymodloader/earlydisplay/11.0.13/491a1bedecb33802fa118cae384b60f91f6f0241/earlydisplay-11.0.13.jar
[22Juli2026 19:41:56.832] [main/INFO] [net.neoforged.fml.loading.ImmediateWindowHandler/]: Not loading early display in headless mode.
[22Juli2026 19:41:56.852] [main/INFO] [net.neoforged.fml.loading.moddiscovery.locators.GameLocator/]: Detected a joined NeoForge and Minecraft configuration. Applying filtering...
[22Juli2026 19:41:56.902] [main/INFO] [net.neoforged.fml.loading.moddiscovery.locators.InDevFolderLocator/CORE]: Got mod coordinates example%%D:\\Minecraft Mods\\Multiloader-Template\\datagen\\build\\classes\\java\\main;example%%D:\\Minecraft Mods\\Multiloader-Template\\datagen\\build\\resources\\main from env
[22Juli2026 19:41:56.979] [main/INFO] [net.neoforged.fml.loading.moddiscovery.locators.JarInJarDependencyLocator/]: Found 2 dependencies adding them to mods collection
[22Juli2026 19:41:56.981] [main/INFO] [net.neoforged.fml.loading.moddiscovery.ModDiscoverer/]: 
     Mod List:
		Name Version (Mod Id)

		Example 1.0.0 (example)
		Minecraft 26.1.2 (minecraft)
		NeoForge 26.1.2.71 (neoforge)
[22Juli2026 19:41:57.074] [main/INFO] [mixin/]: SpongePowered MIXIN Subsystem Version=0.8.7 Source=file:/D:/.gradle/caches/modules-2/files-2.1/net.fabricmc/sponge-mixin/0.17.3+mixin.0.8.7/41c4a3984a80f4679e759fb9f495587acc5cdac7/sponge-mixin-0.17.3+mixin.0.8.7.jar Service=FML Env=CLIENT
[22Juli2026 19:41:57.084] [main/INFO] [net.neoforged.fml.loading.FMLLoader/]: Loading FML Plugins:
[22Juli2026 19:41:57.084] [main/INFO] [net.neoforged.fml.loading.FMLLoader/]:  - D:/.gradle/caches/modules-2/files-2.1/net.neoforged/neoforge/26.1.2.71/2fb61eae2ea7b55fe17d0dba69cab130beb0a054/neoforge-26.1.2.71-universal.jar > net.neoforged.neoforge-coremods-26.1.2.71.jar
[22Juli2026 19:41:57.131] [main/INFO] [net.neoforged.fml.loading.FMLLoader/]: Building game content classloader:
 - example (composite(folder(D:/Minecraft Mods/Multiloader-Template/datagen/build/classes/java/main), folder(D:/Minecraft Mods/Multiloader-Template/datagen/build/resources/main)))
 - minecraft (composite(filtered(jar(D:/Minecraft Mods/Multiloader-Template/datagen/build/moddev/artifacts/minecraft-patched-26.1.2.71.jar)), filtered(jar(D:/Minecraft Mods/Multiloader-Template/datagen/build/moddev/artifacts/minecraft-patched-26.1.2.71.jar))))
 - mixinextras.neoforge (jar(D:/.gradle/caches/modules-2/files-2.1/net.neoforged/neoforge/26.1.2.71/2fb61eae2ea7b55fe17d0dba69cab130beb0a054/neoforge-26.1.2.71-universal.jar > mixinextras-neoforge-0.5.4.jar))
 - neoforge (composite(filtered(jar(D:/.gradle/caches/modules-2/files-2.1/net.neoforged/neoforge/26.1.2.71/2fb61eae2ea7b55fe17d0dba69cab130beb0a054/neoforge-26.1.2.71-universal.jar))))
 - net.neoforged.fml.generated (empty(VirtualJar/net.neoforged.fml.generated))
[22Juli2026 19:41:57.138] [main/INFO] [net.neoforged.fml.loading.FMLLoader/]: Built game content classloader in 11ms
[22Juli2026 19:41:57.299] [main/INFO] [MixinExtras|Service/]: Initializing MixinExtras via com.llamalad7.mixinextras.service.MixinExtrasServiceImpl(version=0.5.4).
[22Juli2026 19:41:59.359] [main/INFO] [net.neoforged.neoforge.data.loading.DatagenModLoader/]: Initializing Data Gatherer for mods [example]
[22Juli2026 19:41:59.376] [modloading-worker-0/INFO] [net.neoforged.neoforge.common.NeoForgeMod/NEOFORGE-MOD]: NeoForge mod loading, version 26.1.2.71, for MC 26.1.2
[22Juli2026 19:41:59.687] [main/INFO] [net.minecraft.data.DataGenerator/]: Starting provider: Example Recipe Provider
[22Juli2026 19:41:59.714] [main/INFO] [net.minecraft.data.DataGenerator/]: Example Recipe Provider finished after 25 ms
[22Juli2026 19:41:59.714] [main/INFO] [net.minecraft.data.DataGenerator/]: Starting provider: Tags for minecraft:block mod id example
[22Juli2026 19:41:59.717] [main/INFO] [net.minecraft.data.DataGenerator/]: Tags for minecraft:block mod id example finished after 3 ms
[22Juli2026 19:41:59.717] [main/INFO] [net.minecraft.data.DataGenerator/]: Starting provider: Tags for minecraft:item mod id example
[22Juli2026 19:41:59.718] [main/INFO] [net.minecraft.data.DataGenerator/]: Tags for minecraft:item mod id example finished after 0 ms
[22Juli2026 19:41:59.718] [main/INFO] [net.minecraft.data.DataGenerator/]: All providers took: 30 ms
[22Juli2026 19:41:59.721] [main/INFO] [net.minecraft.data.HashCache/]: Caching: total files: 4, old count: 0, new count: 4, removed stale: 0, written: 4
[22Juli2026 19:41:59.721] [main/INFO] [net.neoforged.fml.loading.FMLLoader/]: Closing FML Loader 2c979b2e
[22Juli2026 19:41:59.721] [main/INFO] [net.neoforged.fml.ModLoader/]: Clearing ModLoader
